2025-11-06 05:35:37.815 | INFO     | app.service.base_agent:_load_prompt:99 - Prompts loaded from /workspaces/ai_agent/back/app/service/prompt/fast_ai_prompts.toml
2025-11-06 05:36:48.375 | INFO     | app.service.base_agent:_save_prompt:177 - Prompt saved to /workspaces/ai_agent/back/prompts/1.json
2025-11-06 05:36:52.280 | INFO     | back.app.service.fast_ai_agent:manim_planner:385 - Manim planner output: ## Manim シーン生成指示

### 描画要素

*   **テキスト:**
    *   数式: `\int x \, dx = \frac{x^2}{2} + C` (フォントサイズ大きめ、白)
    *   説明文: 「不定積分とは、ある関数を微分すると元の関数になるような関数（原始関数）を求める操作です。」(フォントサイズ中程度、白)
    *   説明文: 「この例では、x を微分すると 1 になるので、x を微分すると x になるような関数は x^2/2 + C となります。」(フォントサイズ中程度、白)
    *   説明文: 「C は積分定数と呼ばれ、任意の実数を表します。」(フォントサイズ中程度、白)

### アニメーション指示

1.  数式 `\int x \, dx = \frac{x^2}{2} + C` を画面中央にフェードインさせる。
2.  数式を左に移動させ、説明文「不定積分とは、ある関数を微分すると元の関数になるような関数（原始関数）を求める操作です。」を右側にフェードインさせる。
3.  説明文「不定積分とは、ある関数を微分すると元の関数になるような関数（原始関数）を求める操作です。」を左に移動させ、説明文「この例では、x を微分すると 1 になるので、x を微分すると x になるような関数は x^2/2 + C となります。」を右側にフェードインさせる。
4.  説明文「この例では、x を微分すると 1 になるので、x を微分すると x になるような関数は x^2/2 + C となります。」を左に移動させ、説明文「C は積分定数と呼ばれ、任意の実数を表します。」を右側にフェードインさせる。
5.  全てのテキストが画面に配置された状態で、数式 `\int x \, dx = \frac{x^2}{2} + C` の各部分（積分記号、x、dx、=、x^2/2、+C）が順番にハイライトされ、それぞれが何を表しているか（または、その変換過程）を簡潔に説明するようなアニメーション（例: x が x^2/2 に変化する様子を強調するなど）を挿入する。
6.  最後に、全てのテキストが画面に静止した状態になる。

### シーン全体の流れ

1.  数式の導入
2.  不定積分の定義の説明
3.  具体例（x の積分）の説明
4.  積分定数の説明
5.  数式の各要素と変換過程の視覚的な強調

### シーンが見やすいものになるようにするための注意

*   テキストのフォントサイズは、数式が最も大きく、説明文がそれに続くように調整する。
*   各テキストブロックは、画面上で重ならないように、かつ、視線の流れを意識して配置する。
*   アニメーションは、各要素の出現や移動が滑らかで、視覚的に理解しやすい速度で行う。
*   数式の各要素の強調アニメーションは、簡潔かつ効果的に、理解を助けるように設計する。
*   背景色は、テキストが映えるような暗めの色（例: 黒や濃紺）を推奨する。

### ユーザーからの注意

*   特になし。
2025-11-06 05:36:52.281 | INFO     | app.service.base_agent:_save_prompt:180 - Prompt file already exists: /workspaces/ai_agent/back/prompts/1.json
2025-11-06 05:36:52.281 | INFO     | app.service.base_agent:plan:353 - Plan generated: 1
2025-11-06 05:36:52.282 | DEBUG    | app.service.base_agent:plan:354 - Plan details: 1.json
2025-11-06 05:37:00.335 | INFO     | app.service.base_agent:_save_prompt:180 - Prompt file already exists: /workspaces/ai_agent/back/prompts/1.json
2025-11-06 05:37:00.343 | INFO     | back.app.service.fast_ai_agent:_generate_initial_script:112 - --- 1. [Node] Generating Initial Script ---
2025-11-06 05:37:40.489 | DEBUG    | back.app.service.fast_ai_agent:_generate_initial_script_generate:102 -    [+] Initial script generated (length: 2888)
2025-11-06 05:37:40.500 | INFO     | back.app.service.fast_ai_agent:_check_bad_request:120 - --- 2. [Node] Checking for Bad Request ---
2025-11-06 05:37:40.507 | DEBUG    | back.app.service.fast_ai_agent:_check_bad_request:122 -    [+] Code security check: Passed
2025-11-06 05:37:40.507 | DEBUG    | back.app.service.fast_ai_agent:_after_bad_request_check:227 - --- [Branch] Secure. Proceeding to Lint. ---
2025-11-06 05:37:40.508 | INFO     | back.app.service.fast_ai_agent:_execute_and_handle_errors:164 - --- 3. [Node] Preflight Execution Check ---
2025-11-06 05:37:40.511 | INFO     | app.service.base_agent:_save_script:139 - Script saved to tmp/5861b7fc-90fd-4930-9b74-c69e94136fce.py
2025-11-06 05:37:45.347 | INFO     | app.service.base_agent:_execute_script_low_res:237 - Low-res script executed successfully: tmp/5861b7fc-90fd-4930-9b74-c69e94136fce.py
2025-11-06 05:37:45.347 | INFO     | back.app.service.fast_ai_agent:_handle_execution_result:131 -    [+] Preflight execution succeeded.
2025-11-06 05:37:45.347 | INFO     | back.app.service.fast_ai_agent:_execute_and_handle_errors:172 - --- 3. [Node] Executing Manim ---
2025-11-06 05:37:45.348 | INFO     | app.service.base_agent:_save_script:139 - Script saved to tmp/5861b7fc-90fd-4930-9b74-c69e94136fce.py
2025-11-06 05:37:50.307 | INFO     | app.service.base_agent:_execute_script:267 - Script executed successfully: tmp/5861b7fc-90fd-4930-9b74-c69e94136fce.py
2025-11-06 05:37:50.307 | INFO     | back.app.service.fast_ai_agent:_handle_execution_result:131 -    [+] Runtime execution succeeded.
2025-11-06 05:37:50.308 | INFO     | back.app.service.fast_ai_agent:_after_execution:258 - --- [Branch] Execution Succeeded. Ending Graph. ---
2025-11-06 05:37:50.309 | INFO     | back.app.service.fast_ai_agent:generate_video:320 - --- Graph Finished: Success ---
2025-11-06 05:39:05.312 | INFO     | app.service.base_agent:_save_prompt:180 - Prompt file already exists: /workspaces/ai_agent/back/prompts/1.json
2025-11-06 05:39:05.326 | INFO     | back.app.service.fast_ai_agent:_generate_initial_script:112 - --- 1. [Node] Generating Initial Script ---
2025-11-06 05:39:05.326 | INFO     | back.app.service.fast_ai_agent:_generate_initial_script_edit:65 -    [+] Edit mode detected. Applying targeted adjustments.
2025-11-06 05:39:41.214 | DEBUG    | back.app.service.fast_ai_agent:_generate_initial_script_edit:83 -    [+] Generated edited script (length: 3406)
2025-11-06 05:39:41.217 | INFO     | back.app.service.fast_ai_agent:_check_bad_request:120 - --- 2. [Node] Checking for Bad Request ---
2025-11-06 05:39:41.222 | DEBUG    | back.app.service.fast_ai_agent:_check_bad_request:122 -    [+] Code security check: Passed
2025-11-06 05:39:41.223 | DEBUG    | back.app.service.fast_ai_agent:_after_bad_request_check:227 - --- [Branch] Secure. Proceeding to Lint. ---
2025-11-06 05:39:41.224 | INFO     | back.app.service.fast_ai_agent:_execute_and_handle_errors:164 - --- 3. [Node] Preflight Execution Check ---
2025-11-06 05:39:41.226 | INFO     | app.service.base_agent:_save_script:139 - Script saved to tmp/4bdd5593-73bd-4aca-af82-3f2d6dea8455.py
2025-11-06 05:39:42.548 | INFO     | app.service.base_agent:_execute_script_low_res:237 - Low-res script executed successfully: tmp/4bdd5593-73bd-4aca-af82-3f2d6dea8455.py
2025-11-06 05:39:42.548 | INFO     | back.app.service.fast_ai_agent:_handle_execution_result:131 -    [+] Preflight execution succeeded.
2025-11-06 05:39:42.548 | INFO     | back.app.service.fast_ai_agent:_execute_and_handle_errors:172 - --- 3. [Node] Executing Manim ---
2025-11-06 05:39:42.548 | INFO     | app.service.base_agent:_save_script:139 - Script saved to tmp/4bdd5593-73bd-4aca-af82-3f2d6dea8455.py
2025-11-06 05:39:46.780 | INFO     | app.service.base_agent:_execute_script:267 - Script executed successfully: tmp/4bdd5593-73bd-4aca-af82-3f2d6dea8455.py
2025-11-06 05:39:46.780 | INFO     | back.app.service.fast_ai_agent:_handle_execution_result:131 -    [+] Runtime execution succeeded.
2025-11-06 05:39:46.781 | INFO     | back.app.service.fast_ai_agent:_after_execution:258 - --- [Branch] Execution Succeeded. Ending Graph. ---
2025-11-06 05:39:46.782 | INFO     | back.app.service.fast_ai_agent:edit_video:363 - --- Graph Finished: Success ---
2025-11-06 05:40:50.058 | INFO     | app.service.base_agent:_save_prompt:180 - Prompt file already exists: /workspaces/ai_agent/back/prompts/1.json
2025-11-06 05:40:50.076 | INFO     | back.app.service.fast_ai_agent:_generate_initial_script:112 - --- 1. [Node] Generating Initial Script ---
2025-11-06 05:40:50.076 | INFO     | back.app.service.fast_ai_agent:_generate_initial_script_edit:65 -    [+] Edit mode detected. Applying targeted adjustments.
2025-11-06 05:41:59.767 | DEBUG    | back.app.service.fast_ai_agent:_generate_initial_script_edit:83 -    [+] Generated edited script (length: 4680)
2025-11-06 05:41:59.771 | INFO     | back.app.service.fast_ai_agent:_check_bad_request:120 - --- 2. [Node] Checking for Bad Request ---
2025-11-06 05:41:59.778 | DEBUG    | back.app.service.fast_ai_agent:_check_bad_request:122 -    [+] Code security check: Passed
2025-11-06 05:41:59.778 | DEBUG    | back.app.service.fast_ai_agent:_after_bad_request_check:227 - --- [Branch] Secure. Proceeding to Lint. ---
2025-11-06 05:41:59.779 | INFO     | back.app.service.fast_ai_agent:_execute_and_handle_errors:164 - --- 3. [Node] Preflight Execution Check ---
2025-11-06 05:41:59.781 | INFO     | app.service.base_agent:_save_script:139 - Script saved to tmp/a2e0f1ac-47d5-482f-995c-63bc76d07f10.py
2025-11-06 05:42:01.956 | ERROR    | app.service.base_agent:_execute_script_low_res:247 - Low-res execution failed: 
Animation 0: Write(MathTex('\\int x \\, dx = \\frac{x^2}{2} + C')):   0%|          | 0/1 [00:00<?, ?it/s]
                                                                                                         

Animation 2: _MethodAnimation(MathTex('\\int x \\, dx = \\frac{x^2}{2} + C')):   0%|          | 0/1 [00:00<?, ?it/s]
                                                                                                                    

Animation 4: Write(Text('まず、被積分関数 f(x)=x のグラフを考えます。')):   0%|          | 0/1 [00:00<?, ?it/s]
                                                                                                               

Animation 5: Create(Axes of 2 submobjects), etc.:   0%|          | 0/1 [00:00<?, ?it/s]
                                                                                       

Animation 7: FadeOut(Text('まず、被積分関数 f(x)=x のグラフを考えます。')):   0%|          | 0/1 [00:00<?, ?it/s]
                                                                                                                 
╭─────────────────────────────── Traceback (most recent call last) ────────────────────────────────╮
│ /workspaces/ai_agent/back/.venv/lib/python3.11/site-packages/manim/cli/render/commands.py:125 in │
│ render                                                                                           │
│                                                                                                  │
│   122 │   │   │   try:                                                                           │
│   123 │   │   │   │   with tempconfig({}):                                                       │
│   124 │   │   │   │   │   scene = SceneClass()                                                   │
│ ❱ 125 │   │   │   │   │   scene.render()                                                         │
│   126 │   │   │   except Exception:                                                              │
│   127 │   │   │   │   error_console.print_exception()                                            │
│   128 │   │   │   │   sys.exit(1)                                                                │
│                                                                                                  │
│ /workspaces/ai_agent/back/.venv/lib/python3.11/site-packages/manim/scene/scene.py:237 in render  │
│                                                                                                  │
│    234 │   │   """                                                                               │
│    235 │   │   self.setup()                                                                      │
│    236 │   │   try:                                                                              │
│ ❱  237 │   │   │   self.construct()                                                              │
│    238 │   │   except EndSceneEarlyException:                                                    │
│    239 │   │   │   pass                                                                          │
│    240 │   │   except RerunSceneException:                                                       │
│                                                                                                  │
│ /workspaces/ai_agent/back/tmp/a2e0f1ac-47d5-482f-995c-63bc76d07f10.py:55 in construct            │
│                                                                                                  │
│    52 │   │                                                                                      │
│    53 │   │   x_val = 4                                                                          │
│    54 │   │   area = axes.get_area(graph_fx, x_range=(0, x_val), color=BLUE, opacity=0.5)        │
│ ❱  55 │   │   area_label = MathTex(r"\text{面積} = \frac{x^2}{2}", font_size=40).next_to(area,   │
│    56 │   │                                                                                      │
│    57 │   │   self.play(Write(desc2))                                                            │
│    58 │   │   self.play(Create(area))                                                            │
│                                                                                                  │
│ /workspaces/ai_agent/back/.venv/lib/python3.11/site-packages/manim/mobject/text/tex_mobject.py:2 │
│ 98 in __init__                                                                                   │
│                                                                                                  │
│   295 │   │   │   │   │   │   """,                                                               │
│   296 │   │   │   │   │   ),                                                                     │
│   297 │   │   │   │   )                                                                          │
│ ❱ 298 │   │   │   raise compilation_error                                                        │
│   299 │   │   self.set_color_by_tex_to_color_map(self.tex_to_color_map)                          │
│   300 │   │                                                                                      │
│   301 │   │   if self.organize_left_to_right:                                                    │
│                                                                                                  │
│ /workspaces/ai_agent/back/.venv/lib/python3.11/site-packages/manim/mobject/text/tex_mobject.py:2 │
│ 77 in __init__                                                                                   │
│                                                                                                  │
│   274 │   │   self.brace_notation_split_occurred = False                                         │
│   275 │   │   self.tex_strings = self._break_up_tex_strings(tex_strings)                         │
│   276 │   │   try:                                                                               │
│ ❱ 277 │   │   │   super().__init__(                                                              │
│   278 │   │   │   │   self.arg_separator.join(self.tex_strings),                                 │
│   279 │   │   │   │   tex_environment=self.tex_environment,                                      │
│   280 │   │   │   │   tex_template=self.tex_template,                                            │
│                                                                                                  │
│ /workspaces/ai_agent/back/.venv/lib/python3.11/site-packages/manim/mobject/text/tex_mobject.py:8 │
│ 0 in __init__                                                                                    │
│                                                                                                  │
│    77 │   │                                                                                      │
│    78 │   │   assert isinstance(tex_string, str)                                                 │
│    79 │   │   self.tex_string = tex_string                                                       │
│ ❱  80 │   │   file_name = tex_to_svg_file(                                                       │
│    81 │   │   │   self._get_modified_expression(tex_string),                                     │
│    82 │   │   │   environment=self.tex_environment,                                              │
│    83 │   │   │   tex_template=self.tex_template,                                                │
│                                                                                                  │
│ /workspaces/ai_agent/back/.venv/lib/python3.11/site-packages/manim/utils/tex_file_writing.py:65  │
│ in tex_to_svg_file                                                                               │
│                                                                                                  │
│    62 │   if svg_file.exists():                                                                  │
│    63 │   │   return svg_file                                                                    │
│    64 │                                                                                          │
│ ❱  65 │   dvi_file = compile_tex(                                                                │
│    66 │   │   tex_file,                                                                          │
│    67 │   │   tex_template.tex_compiler,                                                         │
│    68 │   │   tex_template.output_format,                                                        │
│                                                                                                  │
│ /workspaces/ai_agent/back/.venv/lib/python3.11/site-packages/manim/utils/tex_file_writing.py:212 │
│ in compile_tex                                                                                   │
│                                                                                                  │
│   209 │   │   if cp.returncode != 0:                                                             │
│   210 │   │   │   log_file = tex_file.with_suffix(".log")                                        │
│   211 │   │   │   print_all_tex_errors(log_file, tex_compiler, tex_file)                         │
│ ❱ 212 │   │   │   raise ValueError(                                                              │
│   213 │   │   │   │   f"{tex_compiler} error converting to"                                      │
│   214 │   │   │   │   f" {output_format[1:]}. See log output above or"                           │
│   215 │   │   │   │   f" the log file: {log_file}",                                              │
╰──────────────────────────────────────────────────────────────────────────────────────────────────╯
ValueError: latex error converting to dvi. See log output above or the log file: media/Tex/c25cad63847a58e3.log

2025-11-06 05:42:01.957 | ERROR    | back.app.service.fast_ai_agent:_handle_execution_result:151 -    [-] Preflight execution failed with errors.
2025-11-06 05:42:01.957 | INFO     | back.app.service.fast_ai_agent:_after_execution:253 - --- [Branch] Runtime Error. Proceeding to Refine. ---
2025-11-06 05:42:01.958 | INFO     | back.app.service.fast_ai_agent:_refine_script_on_error:181 - --- 4. [Node] Refining Script (Attempt 1) ---
2025-11-06 05:42:01.958 | DEBUG    | back.app.service.fast_ai_agent:_refine_script_on_error:193 -    [+] Using flash_llm for first refinement.
2025-11-06 05:42:36.034 | DEBUG    | back.app.service.fast_ai_agent:_refine_script_on_error:211 -    [+] Script refined (length: 5084)
2025-11-06 05:42:36.044 | INFO     | back.app.service.fast_ai_agent:_check_bad_request:120 - --- 2. [Node] Checking for Bad Request ---
2025-11-06 05:42:36.055 | DEBUG    | back.app.service.fast_ai_agent:_check_bad_request:122 -    [+] Code security check: Passed
2025-11-06 05:42:36.056 | DEBUG    | back.app.service.fast_ai_agent:_after_bad_request_check:227 - --- [Branch] Secure. Proceeding to Lint. ---
2025-11-06 05:42:36.056 | INFO     | back.app.service.fast_ai_agent:_execute_and_handle_errors:164 - --- 3. [Node] Preflight Execution Check ---
2025-11-06 05:42:36.059 | INFO     | app.service.base_agent:_save_script:139 - Script saved to tmp/a2e0f1ac-47d5-482f-995c-63bc76d07f10.py
2025-11-06 05:42:38.764 | INFO     | app.service.base_agent:_execute_script_low_res:237 - Low-res script executed successfully: tmp/a2e0f1ac-47d5-482f-995c-63bc76d07f10.py
2025-11-06 05:42:38.764 | INFO     | back.app.service.fast_ai_agent:_handle_execution_result:131 -    [+] Preflight execution succeeded.
2025-11-06 05:42:38.764 | INFO     | back.app.service.fast_ai_agent:_execute_and_handle_errors:172 - --- 3. [Node] Executing Manim ---
2025-11-06 05:42:38.765 | INFO     | app.service.base_agent:_save_script:139 - Script saved to tmp/a2e0f1ac-47d5-482f-995c-63bc76d07f10.py
2025-11-06 05:42:44.920 | INFO     | app.service.base_agent:_execute_script:267 - Script executed successfully: tmp/a2e0f1ac-47d5-482f-995c-63bc76d07f10.py
2025-11-06 05:42:44.920 | INFO     | back.app.service.fast_ai_agent:_handle_execution_result:131 -    [+] Runtime execution succeeded.
2025-11-06 05:42:44.921 | INFO     | back.app.service.fast_ai_agent:_after_execution:258 - --- [Branch] Execution Succeeded. Ending Graph. ---
2025-11-06 05:42:44.921 | INFO     | back.app.service.fast_ai_agent:edit_video:363 - --- Graph Finished: Success ---
2025-11-06 06:11:53.729 | INFO     | app.service.base_agent:_load_prompt:99 - Prompts loaded from /workspaces/ai_agent/back/app/service/prompt/fast_ai_prompts.toml
2025-11-06 06:12:25.696 | INFO     | app.service.base_agent:_save_prompt:177 - Prompt saved to /workspaces/ai_agent/back/prompts/3.json
2025-11-06 06:12:32.365 | INFO     | back.app.service.fast_ai_agent:manim_planner:385 - Manim planner output: ## Manim シーン生成 Instruction

### シーン 1: 単位円と三角関数

**目的:** 単位円上で角度 $\theta$ と点 $P(\cos\theta, \sin\theta)$ の関係、および三角関数の基本式を示す。

**描画要素:**

1.  **単位円:**
    *   色: 白
    *   半径: 1
    *   中心: 原点 (0, 0)
2.  **x軸:**
    *   色: 白
    *   太さ: 細め
    *   ラベル: "x" (右向き)
3.  **y軸:**
    *   色: 白
    *   太さ: 細め
    *   ラベル: "y" (上向き)
4.  **角度線 (半径線):**
    *   色: 青
    *   始点: 原点
    *   終点: 単位円周上の点 P
5.  **点 P:**
    *   色: 赤
    *   サイズ: 小さめ
6.  **角度 $\theta$:**
    *   色: 黄色
    *   弧で表示 (原点中心、角度線とx軸の間)
7.  **テキスト:**
    *   "単位円" (単位円の上に配置)
    *   "$P(\cos\theta,\,\sin\theta)$" (点 P の近くに配置)
    *   "横：$\cos\theta$" (x軸の正の方向、点 P のx座標を示す位置に配置)
    *   "縦：$\sin\theta$" (y軸の正の方向、点 P のy座標を示す位置に配置)
    *   "$\cos^2\theta+\sin^2\theta=1$" (画面中央下部に配置)
    *   "三角関数の基本式" (上記テキストの下に配置)

**アニメーション:**

1.  単位円、x軸、y軸を同時に表示。
2.  角度線と点 P を、角度 $\theta$ が 0 から徐々に増加するにつれて連動して描画。
3.  点 P の移動に合わせて、横 ($\cos\theta$) および縦 ($\sin\theta$) のテキストが更新されるように表示。
4.  角度線が一周する頃（または十分な範囲をカバーした後）、三角関数の基本式のテキストを表示。

**注意:**

*   点 P の軌跡を薄く表示することで、円周上を動く様子を視覚的に補強する。
*   角度 $\theta$ の増加に合わせて、点 P の座標テキストもリアルタイムに変化しているように見せる。

---

### シーン 2: 角度を $\frac{\pi}{2}$ ずらす

**目的:** 点 P を角度 $\frac{\pi}{2}$ 回転させたときの座標の変化と、その関係性を示す。

**描画要素:**

1.  **シーン 1 の要素:** 単位円、x軸、y軸、角度線、点 P、角度 $\theta$
2.  **点 Q:**
    *   色: 緑
    *   サイズ: 小さめ
3.  **新しい角度線:**
    *   色: 紫
    *   始点: 原点
    *   終点: 単位円周上の点 Q
4.  **新しい角度 $\theta + \frac{\pi}{2}$:**
    *   色: オレンジ
    *   弧で表示 (原点中心、新しい角度線とx軸の間)
5.  **テキスト:**
    *   "$Q\left(\cos\left(\theta+\frac{\pi}{2}\right),\,\sin\left(\theta+\frac{\pi}{2}\right)\right)$" (点 Q の近くに配置)
    *   "$Q(-\sin\theta,\,\cos\theta)$" (上記テキストの下に配置)
    *   "$\cos\theta$ の成分が $-\sin\theta$ に、$\sin\theta$ が $\cos\theta$ に" (画面右側に配置)
    *   "それぞれ入れ替わり、横はマイナスされている" (上記テキストの下に配置)

**アニメーション:**

1.  シーン 1 の状態から開始。
2.  点 P を基準に、新しい角度線（紫）と点 Q（緑）を、角度 $\theta$ が変化するのに合わせて表示。点 Q は点 P より常に $\frac{\pi}{2}$ 進んだ位置にいるようにする。
3.  点 Q の座標テキスト "$Q(-\sin\theta,\,\cos\theta)$" を表示。
4.  点 P の座標テキスト "$P(\cos\theta,\,\sin\theta)$" と点 Q の座標テキスト "$Q(-\sin\theta,\,\cos\theta)$" を比較しやすいように並べて表示。
5.  「入れ替わり、横はマイナス」という説明テキストを、座標の変化と関連付けて表示。

**注意:**

*   点 P と点 Q が同時に単位円上を動く様子を見せることで、角度をずらしたときの関係性を直感的に理解できるようにする。
*   点 P の座標 $(\cos\theta, \sin\theta)$ と点 Q の座標 $(-\sin\theta, \cos\theta)$ の対応関係を、テキストや色の変化で強調する。

---

### シーン全体の流れ

1.  **単位円の導入:** 単位円、x軸、y軸を表示し、単位円の定義を説明。
2.  **三角関数との関連:** 角度 $\theta$ と単位円上の点 P の座標 $(\cos\theta, \sin\theta)$ をアニメーションで表示。P の x, y 座標がそれぞれ $\cos\theta, \sin\theta$ であることを示す。
3.  **基本式の提示:** 三角関数の基本式 $\cos^2\theta+\sin^2\theta=1$ を表示。
4.  **角度の移動:** 点 P を角度 $\frac{\pi}{2}$ だけ進めた点 Q を表示。
5.  **座標の変化:** 点 Q の座標が $Q(-\sin\theta, \cos\theta)$ となることを示す。
6.  **関係性の説明:** 点 P と点 Q の座標の成分がどのように変化したかを、視覚的・テキストで説明する。

### シーンが見やすいものになるようにするための注意

*   **色の使い分け:** 各要素（円、軸、点、角度、テキスト）に明確な色を割り当て、視覚的な混乱を避ける。
*   **テキストの配置:** テキストは図形と重ならないように、かつ関連する図形や要素の近くに配置する。
*   **アニメーションの速度:** アニメーションは速すぎず、遅すぎず、視聴者が追いつける速度で進行させる。特に、座標の変化やテキストの表示タイミングを調整する。
*   **強調:** 重要なポイント（基本式、座標の入れ替わり）は、一時停止や拡大、色を変えるなどの方法で強調する。
*   **シンプルさ:** 過剰な装飾は避け、数式と図形の関係性に焦点を当てる。

---
2025-11-06 06:12:32.367 | INFO     | app.service.base_agent:_save_prompt:180 - Prompt file already exists: /workspaces/ai_agent/back/prompts/3.json
2025-11-06 06:12:32.370 | INFO     | app.service.base_agent:plan:353 - Plan generated: 3
2025-11-06 06:12:32.371 | DEBUG    | app.service.base_agent:plan:354 - Plan details: 3.json
2025-11-06 06:12:42.321 | INFO     | app.service.base_agent:_save_prompt:180 - Prompt file already exists: /workspaces/ai_agent/back/prompts/3.json
2025-11-06 06:12:42.330 | INFO     | back.app.service.fast_ai_agent:_generate_initial_script:112 - --- 1. [Node] Generating Initial Script ---
2025-11-06 06:13:42.567 | DEBUG    | back.app.service.fast_ai_agent:_generate_initial_script_generate:102 -    [+] Initial script generated (length: 6616)
2025-11-06 06:13:42.579 | INFO     | back.app.service.fast_ai_agent:_check_bad_request:120 - --- 2. [Node] Checking for Bad Request ---
2025-11-06 06:13:42.585 | DEBUG    | back.app.service.fast_ai_agent:_check_bad_request:122 -    [+] Code security check: Passed
2025-11-06 06:13:42.586 | DEBUG    | back.app.service.fast_ai_agent:_after_bad_request_check:227 - --- [Branch] Secure. Proceeding to Lint. ---
2025-11-06 06:13:42.587 | INFO     | back.app.service.fast_ai_agent:_execute_and_handle_errors:164 - --- 3. [Node] Preflight Execution Check ---
2025-11-06 06:13:42.588 | INFO     | app.service.base_agent:_save_script:139 - Script saved to tmp/ebb8a2d5-fbff-4db6-99d3-59b6b04d2823.py
2025-11-06 06:13:45.887 | INFO     | app.service.base_agent:_execute_script_low_res:237 - Low-res script executed successfully: tmp/ebb8a2d5-fbff-4db6-99d3-59b6b04d2823.py
2025-11-06 06:13:45.887 | INFO     | back.app.service.fast_ai_agent:_handle_execution_result:131 -    [+] Preflight execution succeeded.
2025-11-06 06:13:45.887 | INFO     | back.app.service.fast_ai_agent:_execute_and_handle_errors:172 - --- 3. [Node] Executing Manim ---
2025-11-06 06:13:45.888 | INFO     | app.service.base_agent:_save_script:139 - Script saved to tmp/ebb8a2d5-fbff-4db6-99d3-59b6b04d2823.py
2025-11-06 06:13:52.837 | INFO     | app.service.base_agent:_execute_script:267 - Script executed successfully: tmp/ebb8a2d5-fbff-4db6-99d3-59b6b04d2823.py
2025-11-06 06:13:52.838 | INFO     | back.app.service.fast_ai_agent:_handle_execution_result:131 -    [+] Runtime execution succeeded.
2025-11-06 06:13:52.838 | INFO     | back.app.service.fast_ai_agent:_after_execution:258 - --- [Branch] Execution Succeeded. Ending Graph. ---
2025-11-06 06:13:52.838 | INFO     | back.app.service.fast_ai_agent:generate_video:320 - --- Graph Finished: Success ---
